// Jest Snapshot v1, https://goo.gl/fbAQLP

exports[`DefinitionList matches snapshot 1`] = `
Object {
  "asFragment": [Function],
  "baseElement": <body>
    <div>
      <h3>
        <span
          class="term searchable"
        >
          term
        </span>
        <span
          class="term searchable"
        >
          1
        </span>
      </h3>
      <ul>
        <li>
          def 1-1
        </li>
      </ul>
      <h3>
        <span
          class="term searchable"
        >
          term
        </span>
        <span
          class="term searchable"
        >
          2
        </span>
      </h3>
      <ul>
        <li>
          def 2-1
        </li>
      </ul>
    </div>
  </body>,
  "container": <div>
    <h3>
      <span
        class="term searchable"
      >
        term
      </span>
      <span
        class="term searchable"
      >
        1
      </span>
    </h3>
    <ul>
      <li>
        def 1-1
      </li>
    </ul>
    <h3>
      <span
        class="term searchable"
      >
        term
      </span>
      <span
        class="term searchable"
      >
        2
      </span>
    </h3>
    <ul>
      <li>
        def 2-1
      </li>
    </ul>
  </div>,
  "debug": [Function],
  "findAllByAltText": [Function],
  "findAllByDisplayValue": [Function],
  "findAllByLabelText": [Function],
  "findAllByPlaceholderText": [Function],
  "findAllByRole": [Function],
  "findAllByTestId": [Function],
  "findAllByText": [Function],
  "findAllByTitle": [Function],
  "findByAltText": [Function],
  "findByDisplayValue": [Function],
  "findByLabelText": [Function],
  "findByPlaceholderText": [Function],
  "findByRole": [Function],
  "findByTestId": [Function],
  "findByText": [Function],
  "findByTitle": [Function],
  "getAllByAltText": [Function],
  "getAllByDisplayValue": [Function],
  "getAllByLabelText": [Function],
  "getAllByPlaceholderText": [Function],
  "getAllByRole": [Function],
  "getAllByTestId": [Function],
  "getAllByText": [Function],
  "getAllByTitle": [Function],
  "getByAltText": [Function],
  "getByDisplayValue": [Function],
  "getByLabelText": [Function],
  "getByPlaceholderText": [Function],
  "getByRole": [Function],
  "getByTestId": [Function],
  "getByText": [Function],
  "getByTitle": [Function],
  "queryAllByAltText": [Function],
  "queryAllByDisplayValue": [Function],
  "queryAllByLabelText": [Function],
  "queryAllByPlaceholderText": [Function],
  "queryAllByRole": [Function],
  "queryAllByTestId": [Function],
  "queryAllByText": [Function],
  "queryAllByTitle": [Function],
  "queryByAltText": [Function],
  "queryByDisplayValue": [Function],
  "queryByLabelText": [Function],
  "queryByPlaceholderText": [Function],
  "queryByRole": [Function],
  "queryByTestId": [Function],
  "queryByText": [Function],
  "queryByTitle": [Function],
  "rerender": [Function],
  "unmount": [Function],
}
`;
